[raspaspixbet.online/index.html]
[backblue.gif]
[fade.gif]
[index.html]
[raspaspixbet.online/assets/style/globalStyles7277.css]
[cdn.jsdelivr.net/npm/bootstrap-icons@1.11.1/font/bootstrap-icons.css]
[cdn.jsdelivr.net/npm/notiflix@3.2.8/dist/notiflix-aio-3.2.8.min.js]
[cdn.jsdelivr.net/npm/notiflix@3.2.8/src/notiflix.min.css]
[raspaspixbet.online/assets/images/favicon.ico]
[raspaspixbet.online/assets/upload/689258c14712e.png]
[raspaspixbet.online/assets/banners/banner_689259e3ccbb8.png]
[raspaspixbet.online/cartelas/index.html]
[raspaspixbet.online/assets/banners/banner_689259e98003a.png]
[raspaspixbet.online/assets/banners/banner_689259f12386e.png]
[raspaspixbet.online/assets/img/icons/687c050c8fc53.png]
[raspaspixbet.online/assets/img/icons/687c127d17125.png]
[raspaspixbet.online/login/index.html]
[raspaspixbet.online/assets/img/icons/687c248f70bc8.png]
[raspaspixbet.online/assets/img/icons/687c17c36902a.png]
[raspaspixbet.online/assets/img/icons/687bfc8ee5723.png]
[raspaspixbet.online/assets/img/icons/687be97e55304.png]
[raspaspixbet.online/cadastro/index.html]
[raspaspixbet.online/assets/img/icons/687bea587e903.png]
[raspaspixbet.online/assets/img/icons/687cd625b0136.png]
[raspaspixbet.online/assets/img/icons/687c0cc6bb984.png]
[raspaspixbet.online/assets/img/icons/687c2d8e3beef.png]
[raspaspixbet.online/assets/img/icons/687c0c3f09c6d.png]
[raspaspixbet.online/assets/img/icons/687c0b433da67.png]
[raspaspixbet.online/assets/img/icons/687c055b21ca9.png]
[raspaspixbet.online/assets/img/icons/687c041d18e2f.png]
[raspaspixbet.online/assets/img/icons/687c0d36c8044.png]
[raspaspixbet.online/assets/img/icons/687c0f6ac9a5e.png]
[raspaspixbet.online/assets/img/icons/687c24d23eed0.png]
[raspaspixbet.online/assets/img/icons/687beabea5f53.png]
[raspaspixbet.online/assets/img/icons/687c12c9570a1.png]
[raspaspixbet.online/assets/img/icons/687c0fe6b612a.png]
[raspaspixbet.online/assets/img/banners/687ce824a04ed.png]
[raspaspixbet.online/assets/img/banners/687cea40caafd.png]
[raspaspixbet.online/assets/img/banners/687ce7f33afe8.png]
[raspaspixbet.online/assets/img/banners/687ce7af59f64.png]
[raspaspixbet.online/api/payment.php]
[raspaspixbet.online/api/consult_pix.php]
[raspaspixbet.online/api/withdraw.json]
[raspaspixbet.online/index.html]
[raspaspixbet.online/assets/style/globalStyles7277.css]
[cdn.jsdelivr.net/npm/bootstrap-icons@1.11.1/font/fonts/bootstrap-iconsafdf.woff2]
[cdn.jsdelivr.net/npm/bootstrap-icons@1.11.1/font/fonts/bootstrap-iconsafdf.woff]
[cdn.jsdelivr.net/npm/bootstrap-icons@1.11.1/font/bootstrap-icons.css]
[cdn.jsdelivr.net/npm/notiflix@3.2.8/src/notiflix.min.css]
[raspaspixbet.online/assets/images/favicon.html]
[raspaspixbet.online/assets/style/globalStyles03c8.css]
[raspaspixbet.online/assets/img/placeholder-raspadinha.jpg]
[raspaspixbet.online/cartelas/index.html]
[raspaspixbet.online/assets/style/globalStyles27b1.css]
[raspaspixbet.online/login/index.html]
[raspaspixbet.online/assets/style/globalStyles37d9.css]
[raspaspixbet.online/cadastro/index.html]
[raspaspixbet.online/api/payment.json]
[raspaspixbet.online/api/consult_pix.json]
[raspaspixbet.online/assets/style/globalStyles03c8.css]
[raspaspixbet.online/assets/img/placeholder-raspadinha.html]
[raspaspixbet.online/assets/style/globalStyles27b1.css]
[raspaspixbet.online/assets/style/globalStyles37d9.css]
[raspaspixbet.online/politica/index.html]
